2026-04-19 22:27:01,441 | INFO | START section=ingestion module=ingestion.main
2026-04-19 22:27:27,228 | INFO | STDOUT
last date  2023-02-15
Target ingestion date: 2023-02-16
Ingestion terminée
Batch flight ingéré : 2023-02-16
Sending weather data to Kafka...
Streamming weather ingéré : 2023-02-17
2026-04-19 22:27:27,228 | INFO | SUCCESS section=ingestion module=ingestion.main duration=25.79s
2026-04-19 22:31:30,581 | INFO | START section=ingestion module=ingestion.main
2026-04-19 22:31:56,192 | INFO | STDOUT
last date  2023-02-16
Target ingestion date: 2023-02-17
Ingestion terminée
Batch flight ingéré : 2023-02-17
Sending weather data to Kafka...
Streamming weather ingéré : 2023-02-18
2026-04-19 22:31:56,193 | INFO | SUCCESS section=ingestion module=ingestion.main duration=25.61s
2026-04-19 22:31:57,176 | INFO | START section=ingestion module=ingestion.main
2026-04-19 22:32:23,306 | INFO | STDOUT
last date  2023-02-17
Target ingestion date: 2023-02-18
Ingestion terminée
Batch flight ingéré : 2023-02-18
Sending weather data to Kafka...
Streamming weather ingéré : 2023-02-19
2026-04-19 22:32:23,306 | INFO | SUCCESS section=ingestion module=ingestion.main duration=26.13s
2026-04-19 22:35:03,638 | INFO | START section=ingestion module=ingestion.main
2026-04-19 22:35:23,276 | INFO | START section=ingestion module=ingestion.main
2026-04-19 22:35:29,265 | INFO | STDOUT
last date  2023-02-18
Target ingestion date: 2023-02-19
Ingestion terminée
Batch flight ingéré : 2023-02-19
Sending weather data to Kafka...
Streamming weather ingéré : 2023-02-20
2026-04-19 22:35:29,265 | INFO | SUCCESS section=ingestion module=ingestion.main duration=25.63s
2026-04-19 22:35:48,854 | INFO | STDOUT
last date  2023-02-19
Target ingestion date: 2023-02-20
Ingestion terminée
Batch flight ingéré : 2023-02-20
Sending weather data to Kafka...
Streamming weather ingéré : 2023-02-21
2026-04-19 22:35:48,854 | INFO | SUCCESS section=ingestion module=ingestion.main duration=25.58s
2026-04-19 22:38:05,614 | INFO | START section=ingestion module=ingestion.main
2026-04-19 22:38:30,839 | INFO | STDOUT
last date  2023-02-20
Target ingestion date: 2023-02-21
Ingestion terminée
Batch flight ingéré : 2023-02-21
Sending weather data to Kafka...
Streamming weather ingéré : 2023-02-22
2026-04-19 22:38:30,839 | INFO | SUCCESS section=ingestion module=ingestion.main duration=25.23s
2026-04-19 22:40:03,529 | INFO | START section=ingestion module=ingestion.main
2026-04-19 22:40:28,909 | INFO | STDOUT
last date  2023-02-21
Target ingestion date: 2023-02-22
Ingestion terminée
Batch flight ingéré : 2023-02-22
Sending weather data to Kafka...
Streamming weather ingéré : 2023-02-23
2026-04-19 22:40:28,909 | INFO | SUCCESS section=ingestion module=ingestion.main duration=25.38s
2026-04-19 22:59:58,688 | INFO | START section=ingestion module=ingestion.main
2026-04-19 23:00:03,323 | INFO | START section=ingestion module=ingestion.main
2026-04-19 23:00:24,391 | INFO | STDOUT
last date  2023-02-22
Target ingestion date: 2023-02-23
Ingestion terminée
Batch flight ingéré : 2023-02-23
Sending weather data to Kafka...
Streamming weather ingéré : 2023-02-24
2026-04-19 23:00:24,391 | INFO | SUCCESS section=ingestion module=ingestion.main duration=25.70s
2026-04-19 23:00:28,808 | INFO | STDOUT
last date  2023-02-23
Target ingestion date: 2023-02-24
Ingestion terminée
Batch flight ingéré : 2023-02-24
Sending weather data to Kafka...
Streamming weather ingéré : 2023-02-25
2026-04-19 23:00:28,808 | INFO | SUCCESS section=ingestion module=ingestion.main duration=25.48s
2026-04-19 23:00:49,933 | INFO | START section=ingestion module=ingestion.main
2026-04-19 23:01:16,112 | INFO | STDOUT
last date  2023-02-24
Target ingestion date: 2023-02-25
Ingestion terminée
Batch flight ingéré : 2023-02-25
Sending weather data to Kafka...
Streamming weather ingéré : 2023-02-26
2026-04-19 23:01:16,113 | INFO | SUCCESS section=ingestion module=ingestion.main duration=26.18s
2026-04-19 23:05:02,493 | INFO | START section=ingestion module=ingestion.main
2026-04-19 23:05:28,283 | INFO | STDOUT
last date  2023-02-25
Target ingestion date: 2023-02-26
Ingestion terminée
Batch flight ingéré : 2023-02-26
Sending weather data to Kafka...
Streamming weather ingéré : 2023-02-27
2026-04-19 23:05:28,284 | INFO | SUCCESS section=ingestion module=ingestion.main duration=25.79s
2026-04-19 23:10:03,775 | INFO | START section=ingestion module=ingestion.main
2026-04-19 23:10:29,082 | INFO | STDOUT
last date  2023-02-26
Target ingestion date: 2023-02-27
Ingestion terminée
Batch flight ingéré : 2023-02-27
Sending weather data to Kafka...
Streamming weather ingéré : 2023-02-28
2026-04-19 23:10:29,083 | INFO | SUCCESS section=ingestion module=ingestion.main duration=25.31s
2026-04-19 23:15:02,585 | INFO | START section=ingestion module=ingestion.main
2026-04-19 23:15:28,101 | INFO | STDOUT
last date  2023-02-27
Target ingestion date: 2023-02-28
Ingestion terminée
Batch flight ingéré : 2023-02-28
Sending weather data to Kafka...
Streamming weather ingéré : 2023-03-01
2026-04-19 23:15:28,101 | INFO | SUCCESS section=ingestion module=ingestion.main duration=25.52s
2026-04-19 23:20:03,711 | INFO | START section=ingestion module=ingestion.main
2026-04-19 23:20:29,334 | INFO | STDOUT
last date  2023-02-28
Target ingestion date: 2023-03-01
Ingestion terminée
Batch flight ingéré : 2023-03-01
Sending weather data to Kafka...
Streamming weather ingéré : 2023-03-02
2026-04-19 23:20:29,334 | INFO | SUCCESS section=ingestion module=ingestion.main duration=25.62s
2026-04-19 23:25:03,091 | INFO | START section=ingestion module=ingestion.main
2026-04-19 23:25:28,570 | INFO | STDOUT
last date  2023-03-01
Target ingestion date: 2023-03-02
Ingestion terminée
Batch flight ingéré : 2023-03-02
Sending weather data to Kafka...
Streamming weather ingéré : 2023-03-03
2026-04-19 23:25:28,570 | INFO | SUCCESS section=ingestion module=ingestion.main duration=25.48s
2026-04-19 23:30:02,981 | INFO | START section=ingestion module=ingestion.main
2026-04-19 23:30:28,389 | INFO | STDOUT
last date  2023-03-02
Target ingestion date: 2023-03-03
Ingestion terminée
Batch flight ingéré : 2023-03-03
Sending weather data to Kafka...
Streamming weather ingéré : 2023-03-04
2026-04-19 23:30:28,389 | INFO | SUCCESS section=ingestion module=ingestion.main duration=25.41s
2026-04-26 13:07:49,972 | INFO | START section=ingestion module=ingestion.main
2026-04-26 13:07:49,972 | INFO | START section=ingestion module=ingestion.main
2026-04-26 13:07:49,974 | INFO | START section=ingestion module=ingestion.main
2026-04-26 13:07:49,974 | INFO | START section=ingestion module=ingestion.main
2026-04-26 13:08:20,131 | INFO | STDOUT
last date  2023-03-03
Target ingestion date: 2023-03-04
Ingestion terminée
Batch flight ingéré : 2023-03-04
Sending weather data to Kafka...
Streamming weather ingéré : 2023-03-05
2026-04-26 13:08:20,131 | INFO | STDOUT
last date  2023-03-03
Target ingestion date: 2023-03-04
Ingestion terminée
Batch flight ingéré : 2023-03-04
Sending weather data to Kafka...
Streamming weather ingéré : 2023-03-05
2026-04-26 13:08:20,134 | INFO | STDOUT
last date  2023-03-03
Target ingestion date: 2023-03-04
Ingestion terminée
Batch flight ingéré : 2023-03-04
Sending weather data to Kafka...
Streamming weather ingéré : 2023-03-05
2026-04-26 13:08:20,134 | INFO | STDOUT
last date  2023-03-03
Target ingestion date: 2023-03-04
Ingestion terminée
Batch flight ingéré : 2023-03-04
Sending weather data to Kafka...
Streamming weather ingéré : 2023-03-05
2026-04-26 13:08:20,134 | INFO | SUCCESS section=ingestion module=ingestion.main duration=30.16s
2026-04-26 13:08:20,134 | INFO | SUCCESS section=ingestion module=ingestion.main duration=30.16s
2026-04-26 13:08:20,134 | INFO | SUCCESS section=ingestion module=ingestion.main duration=30.16s
2026-04-26 13:08:20,134 | INFO | SUCCESS section=ingestion module=ingestion.main duration=30.16s
2026-04-26 13:10:04,076 | INFO | START section=ingestion module=ingestion.main
2026-04-26 13:10:04,076 | INFO | START section=ingestion module=ingestion.main
2026-04-26 13:10:29,307 | INFO | STDOUT
last date  2023-03-04
Target ingestion date: 2023-03-05
Ingestion terminée
Batch flight ingéré : 2023-03-05
Sending weather data to Kafka...
Streamming weather ingéré : 2023-03-06
2026-04-26 13:10:29,307 | INFO | STDOUT
last date  2023-03-04
Target ingestion date: 2023-03-05
Ingestion terminée
Batch flight ingéré : 2023-03-05
Sending weather data to Kafka...
Streamming weather ingéré : 2023-03-06
2026-04-26 13:10:29,308 | INFO | SUCCESS section=ingestion module=ingestion.main duration=25.23s
2026-04-26 13:10:29,308 | INFO | SUCCESS section=ingestion module=ingestion.main duration=25.23s
2026-04-26 13:15:03,210 | INFO | START section=ingestion module=ingestion.main
2026-04-26 13:15:03,210 | INFO | START section=ingestion module=ingestion.main
2026-04-26 13:15:29,105 | INFO | STDOUT
last date  2023-03-05
Target ingestion date: 2023-03-06
Ingestion terminée
Batch flight ingéré : 2023-03-06
Sending weather data to Kafka...
Streamming weather ingéré : 2023-03-07
2026-04-26 13:15:29,105 | INFO | STDOUT
last date  2023-03-05
Target ingestion date: 2023-03-06
Ingestion terminée
Batch flight ingéré : 2023-03-06
Sending weather data to Kafka...
Streamming weather ingéré : 2023-03-07
2026-04-26 13:15:29,105 | INFO | SUCCESS section=ingestion module=ingestion.main duration=25.89s
2026-04-26 13:15:29,105 | INFO | SUCCESS section=ingestion module=ingestion.main duration=25.89s
2026-04-26 13:20:02,587 | INFO | START section=ingestion module=ingestion.main
2026-04-26 13:20:02,587 | INFO | START section=ingestion module=ingestion.main
2026-04-26 13:20:27,872 | INFO | STDOUT
last date  2023-03-06
Target ingestion date: 2023-03-07
Ingestion terminée
Batch flight ingéré : 2023-03-07
Sending weather data to Kafka...
Streamming weather ingéré : 2023-03-08
2026-04-26 13:20:27,872 | INFO | STDOUT
last date  2023-03-06
Target ingestion date: 2023-03-07
Ingestion terminée
Batch flight ingéré : 2023-03-07
Sending weather data to Kafka...
Streamming weather ingéré : 2023-03-08
2026-04-26 13:20:27,872 | INFO | SUCCESS section=ingestion module=ingestion.main duration=25.28s
2026-04-26 13:20:27,872 | INFO | SUCCESS section=ingestion module=ingestion.main duration=25.28s
2026-04-26 13:25:03,823 | INFO | START section=ingestion module=ingestion.main
2026-04-26 13:25:03,823 | INFO | START section=ingestion module=ingestion.main
2026-04-26 13:25:29,303 | INFO | STDOUT
last date  2023-03-07
Target ingestion date: 2023-03-08
Ingestion terminée
Batch flight ingéré : 2023-03-08
Sending weather data to Kafka...
Streamming weather ingéré : 2023-03-09
2026-04-26 13:25:29,303 | INFO | STDOUT
last date  2023-03-07
Target ingestion date: 2023-03-08
Ingestion terminée
Batch flight ingéré : 2023-03-08
Sending weather data to Kafka...
Streamming weather ingéré : 2023-03-09
2026-04-26 13:25:29,303 | INFO | SUCCESS section=ingestion module=ingestion.main duration=25.48s
2026-04-26 13:25:29,303 | INFO | SUCCESS section=ingestion module=ingestion.main duration=25.48s
2026-04-26 13:30:02,935 | INFO | START section=ingestion module=ingestion.main
2026-04-26 13:30:02,935 | INFO | START section=ingestion module=ingestion.main
2026-04-26 13:30:28,107 | INFO | STDOUT
last date  2023-03-08
Target ingestion date: 2023-03-09
Ingestion terminée
Batch flight ingéré : 2023-03-09
Sending weather data to Kafka...
Streamming weather ingéré : 2023-03-10
2026-04-26 13:30:28,107 | INFO | STDOUT
last date  2023-03-08
Target ingestion date: 2023-03-09
Ingestion terminée
Batch flight ingéré : 2023-03-09
Sending weather data to Kafka...
Streamming weather ingéré : 2023-03-10
2026-04-26 13:30:28,107 | INFO | SUCCESS section=ingestion module=ingestion.main duration=25.17s
2026-04-26 13:30:28,107 | INFO | SUCCESS section=ingestion module=ingestion.main duration=25.17s
2026-04-26 13:35:02,489 | INFO | START section=ingestion module=ingestion.main
2026-04-26 13:35:02,489 | INFO | START section=ingestion module=ingestion.main
2026-04-26 13:35:28,058 | INFO | STDOUT
last date  2023-03-09
Target ingestion date: 2023-03-10
Ingestion terminée
Batch flight ingéré : 2023-03-10
Sending weather data to Kafka...
Streamming weather ingéré : 2023-03-11
2026-04-26 13:35:28,058 | INFO | STDOUT
last date  2023-03-09
Target ingestion date: 2023-03-10
Ingestion terminée
Batch flight ingéré : 2023-03-10
Sending weather data to Kafka...
Streamming weather ingéré : 2023-03-11
2026-04-26 13:35:28,059 | INFO | SUCCESS section=ingestion module=ingestion.main duration=25.57s
2026-04-26 13:35:28,059 | INFO | SUCCESS section=ingestion module=ingestion.main duration=25.57s
2026-04-26 13:40:02,911 | INFO | START section=ingestion module=ingestion.main
2026-04-26 13:40:02,911 | INFO | START section=ingestion module=ingestion.main
2026-04-26 13:40:28,339 | INFO | STDOUT
last date  2023-03-10
Target ingestion date: 2023-03-11
Ingestion terminée
Batch flight ingéré : 2023-03-11
Sending weather data to Kafka...
Streamming weather ingéré : 2023-03-12
2026-04-26 13:40:28,339 | INFO | STDOUT
last date  2023-03-10
Target ingestion date: 2023-03-11
Ingestion terminée
Batch flight ingéré : 2023-03-11
Sending weather data to Kafka...
Streamming weather ingéré : 2023-03-12
2026-04-26 13:40:28,339 | INFO | SUCCESS section=ingestion module=ingestion.main duration=25.43s
2026-04-26 13:40:28,339 | INFO | SUCCESS section=ingestion module=ingestion.main duration=25.43s
2026-04-26 13:48:39,658 | INFO | START section=ingestion module=ingestion.main
2026-04-26 13:48:39,658 | INFO | START section=ingestion module=ingestion.main
2026-04-26 13:49:06,212 | INFO | STDOUT
last date  2023-03-11
Target ingestion date: 2023-03-12
Ingestion terminée
Batch flight ingéré : 2023-03-12
Sending weather data to Kafka...
Streamming weather ingéré : 2023-03-13
2026-04-26 13:49:06,212 | INFO | STDOUT
last date  2023-03-11
Target ingestion date: 2023-03-12
Ingestion terminée
Batch flight ingéré : 2023-03-12
Sending weather data to Kafka...
Streamming weather ingéré : 2023-03-13
2026-04-26 13:49:06,213 | INFO | SUCCESS section=ingestion module=ingestion.main duration=26.55s
2026-04-26 13:49:06,213 | INFO | SUCCESS section=ingestion module=ingestion.main duration=26.55s
