2026-04-19 22:27:40,953 | INFO | START section=weather_analytics module=transformation.main_Weather_analytics
2026-04-19 22:27:44,323 | INFO | STDOUT
*****************************Pluie***************************
mise a jour de agg_delay_by_prcp 
Nombre de lignes : (6, 4)
mise a jour de agg_prcp_processed_dates avec dates :  [datetime.date(2023, 2, 16)]
Pluie:
  prcp_bin  avg_delay  total_flights
0      0-1  60.282899           1573
1      3-5  65.943366            618
2        0  67.454545           4763
3      1-3  74.245119           1383
4     5-10  77.047042           1403
5      >10  79.710374           3104
*****************************vent***************************
mise a jour de agg_delay_by_wspd 
Nombre de lignes : (4, 4)
mise a jour de agg_wspd_processed_dates avec dates :  [datetime.date(2023, 2, 16)]
Vent:
  wspd_bin   avg_delay  total_flights
0    20-30   69.423035           2735
1    10-20   70.684593           6471
2     0-10   72.439823           3390
3      >30   88.304878            246
4        0  248.500000              2
*****************************Snow***************************
mise a jour de agg_delay_by_snow 
Nombre de lignes : (4, 4)
mise a jour de agg_snow_processed_dates avec dates :  [datetime.date(2023, 2, 16)]
Vent:
  snow_bin  avg_delay  total_flights
0     >500  48.955556             45
1     0-50  58.968182            880
2        0  70.814613          10292
3   50-200  75.880734           1199
4  200-500  96.175234            428
2026-04-19 22:27:44,324 | INFO | SUCCESS section=weather_analytics module=transformation.main_Weather_analytics duration=3.37s
2026-04-19 22:32:11,943 | INFO | START section=weather_analytics module=transformation.main_Weather_analytics
2026-04-19 22:32:15,323 | INFO | STDOUT
*****************************Pluie***************************
mise a jour de agg_delay_by_prcp 
Nombre de lignes : (6, 4)
mise a jour de agg_prcp_processed_dates avec dates :  [datetime.date(2023, 2, 17), datetime.date(2023, 2, 18)]
Pluie:
  prcp_bin  avg_delay  total_flights
0      0-1  59.929770           1609
1      3-5  66.368088            633
2        0  67.046185           4915
3      1-3  73.826429           1400
4     5-10  74.915646           1470
5      >10  79.259306           3143
*****************************vent***************************
mise a jour de agg_delay_by_wspd 
Nombre de lignes : (4, 4)
mise a jour de agg_wspd_processed_dates avec dates :  [datetime.date(2023, 2, 17), datetime.date(2023, 2, 18)]
Vent:
  wspd_bin   avg_delay  total_flights
0    20-30   68.757662           2806
1    10-20   69.990710           6674
2     0-10   72.160465           3440
3      >30   87.838710            248
4        0  248.500000              2
*****************************Snow***************************
mise a jour de agg_delay_by_snow 
Nombre de lignes : (4, 4)
mise a jour de agg_snow_processed_dates avec dates :  [datetime.date(2023, 2, 17), datetime.date(2023, 2, 18)]
Vent:
  snow_bin  avg_delay  total_flights
0     >500  48.130435             46
1     0-50  58.985059            937
2        0  70.150185          10547
3   50-200  75.944719           1212
4  200-500  96.175234            428
2026-04-19 22:32:15,323 | INFO | SUCCESS section=weather_analytics module=transformation.main_Weather_analytics duration=3.38s
2026-04-19 22:35:45,268 | INFO | START section=weather_analytics module=transformation.main_Weather_analytics
2026-04-19 22:35:48,394 | INFO | STDOUT
*****************************Pluie***************************
mise a jour de agg_delay_by_prcp 
Nombre de lignes : (6, 4)
mise a jour de agg_prcp_processed_dates avec dates :  [datetime.date(2023, 2, 19), datetime.date(2023, 2, 20)]
Pluie:
  prcp_bin  avg_delay  total_flights
0      0-1  59.987639           1618
1      3-5  66.317035            634
2        0  66.937071           4958
3      1-3  73.516266           1414
4     5-10  74.750678           1476
5      >10  79.242577           3166
*****************************vent***************************
mise a jour de agg_delay_by_wspd 
Nombre de lignes : (4, 4)
mise a jour de agg_wspd_processed_dates avec dates :  [datetime.date(2023, 2, 19), datetime.date(2023, 2, 20)]
Vent:
  wspd_bin   avg_delay  total_flights
0    20-30   68.818797           2809
1    10-20   69.978277           6721
2     0-10   71.800459           3483
3      >30   87.374502            251
4        0  248.500000              2
*****************************Snow***************************
mise a jour de agg_delay_by_snow 
Nombre de lignes : (4, 4)
mise a jour de agg_snow_processed_dates avec dates :  [datetime.date(2023, 2, 19), datetime.date(2023, 2, 20)]
Vent:
  snow_bin  avg_delay  total_flights
0     >500  48.130435             46
1     0-50  58.933902            938
2        0  70.061153          10629
3   50-200  75.765139           1222
4  200-500  96.023202            431
2026-04-19 22:35:48,394 | INFO | SUCCESS section=weather_analytics module=transformation.main_Weather_analytics duration=3.13s
2026-04-19 22:38:44,136 | INFO | START section=weather_analytics module=transformation.main_Weather_analytics
2026-04-19 22:38:46,740 | INFO | STDOUT
*****************************Pluie***************************
mise a jour de agg_delay_by_prcp 
Nombre de lignes : (5, 4)
mise a jour de agg_prcp_processed_dates avec dates :  [datetime.date(2023, 2, 21)]
Pluie:
  prcp_bin  avg_delay  total_flights
0      0-1  60.004938           1620
1      3-5  65.723502            651
2        0  66.885915           4970
3      1-3  73.497527           1415
4     5-10  74.772143           1479
5      >10  79.242577           3166
*****************************vent***************************
mise a jour de agg_delay_by_wspd 
Nombre de lignes : (4, 4)
mise a jour de agg_wspd_processed_dates avec dates :  [datetime.date(2023, 2, 21)]
Vent:
  wspd_bin   avg_delay  total_flights
0    20-30   68.825747           2812
1    10-20   69.911883           6741
2     0-10   71.727533           3494
3      >30   87.138889            252
4        0  248.500000              2
*****************************Snow***************************
mise a jour de agg_delay_by_snow 
Nombre de lignes : (3, 4)
mise a jour de agg_snow_processed_dates avec dates :  [datetime.date(2023, 2, 21)]
Vent:
  snow_bin  avg_delay  total_flights
0     >500  47.468085             47
1     0-50  58.710970            948
2        0  70.029663          10653
3   50-200  75.765139           1222
4  200-500  96.023202            431
2026-04-19 22:38:46,740 | INFO | SUCCESS section=weather_analytics module=transformation.main_Weather_analytics duration=2.60s
2026-04-19 22:40:43,396 | INFO | START section=weather_analytics module=transformation.main_Weather_analytics
2026-04-19 22:40:46,082 | INFO | STDOUT
*****************************Pluie***************************
mise a jour de agg_delay_by_prcp 
Nombre de lignes : (6, 4)
mise a jour de agg_prcp_processed_dates avec dates :  [datetime.date(2023, 2, 22)]
Pluie:
  prcp_bin  avg_delay  total_flights
0      0-1  60.370227           1807
1        0  66.164223           5115
2      3-5  68.292857            700
3      1-3  73.544721           1487
4     5-10  75.585224           1543
5      >10  80.639920           3502
*****************************vent***************************
mise a jour de agg_delay_by_wspd 
Nombre de lignes : (4, 4)
mise a jour de agg_wspd_processed_dates avec dates :  [datetime.date(2023, 2, 22)]
Vent:
  wspd_bin   avg_delay  total_flights
0    10-20   69.529071           6897
1    20-30   71.523127           3351
2     0-10   71.722504           3546
3      >30   82.885475            358
4        0  248.500000              2
*****************************Snow***************************
mise a jour de agg_delay_by_snow 
Nombre de lignes : (5, 4)
mise a jour de agg_snow_processed_dates avec dates :  [datetime.date(2023, 2, 22)]
Vent:
  snow_bin  avg_delay  total_flights
0     >500  47.062500             48
1     0-50  58.815005            973
2        0  70.597253          11285
3   50-200  75.211648           1408
4  200-500  94.636364            440
2026-04-19 22:40:46,082 | INFO | SUCCESS section=weather_analytics module=transformation.main_Weather_analytics duration=2.69s
2026-04-19 23:00:44,159 | INFO | START section=weather_analytics module=transformation.main_Weather_analytics
2026-04-19 23:00:48,227 | INFO | STDOUT
*****************************Pluie***************************
mise a jour de agg_delay_by_prcp 
Nombre de lignes : (6, 4)
mise a jour de agg_prcp_processed_dates avec dates :  [datetime.date(2023, 2, 23), datetime.date(2023, 2, 24)]
Pluie:
  prcp_bin  avg_delay  total_flights
0      0-1  60.187563           1978
1        0  65.989307           5611
2      3-5  68.546961            724
3      1-3  72.422419           1579
4     5-10  75.597356           1664
5      >10  80.391152           3707
*****************************vent***************************
mise a jour de agg_delay_by_wspd 
Nombre de lignes : (4, 4)
mise a jour de agg_wspd_processed_dates avec dates :  [datetime.date(2023, 2, 23), datetime.date(2023, 2, 24)]
Vent:
  wspd_bin   avg_delay  total_flights
0    10-20   69.089181           7367
1    20-30   70.567941           3768
2     0-10   71.682604           3702
3      >30   85.750000            424
4        0  248.500000              2
*****************************Snow***************************
mise a jour de agg_delay_by_snow 
Nombre de lignes : (5, 4)
mise a jour de agg_snow_processed_dates avec dates :  [datetime.date(2023, 2, 23), datetime.date(2023, 2, 24)]
Vent:
  snow_bin  avg_delay  total_flights
0     >500  48.345455             55
1     0-50  60.582710           1203
2        0  69.986362          11952
3   50-200  74.772480           1468
4  200-500  94.565812            585
2026-04-19 23:00:48,227 | INFO | SUCCESS section=weather_analytics module=transformation.main_Weather_analytics duration=4.07s
2026-04-19 23:01:29,933 | INFO | START section=weather_analytics module=transformation.main_Weather_analytics
2026-04-19 23:01:33,164 | INFO | STDOUT
*****************************Pluie***************************
mise a jour de agg_delay_by_prcp 
Nombre de lignes : (6, 4)
mise a jour de agg_prcp_processed_dates avec dates :  [datetime.date(2023, 2, 25)]
Pluie:
  prcp_bin  avg_delay  total_flights
0      0-1  59.833089           2049
1        0  65.649310           5723
2      3-5  68.424242            726
3      1-3  72.127965           1602
4     5-10  75.921302           1690
5      >10  80.744551           3762
*****************************vent***************************
mise a jour de agg_delay_by_wspd 
Nombre de lignes : (4, 4)
mise a jour de agg_wspd_processed_dates avec dates :  [datetime.date(2023, 2, 25)]
Vent:
  wspd_bin   avg_delay  total_flights
0    10-20   69.131906           7566
1    20-30   70.562218           3769
2     0-10   71.156992           3790
3      >30   85.691765            425
4        0  248.500000              2
*****************************Snow***************************
mise a jour de agg_delay_by_snow 
Nombre de lignes : (5, 4)
mise a jour de agg_snow_processed_dates avec dates :  [datetime.date(2023, 2, 25)]
Vent:
  snow_bin  avg_delay  total_flights
0     >500  47.350877             57
1     0-50  60.134078           1253
2        0  69.974665          12157
3   50-200  74.635445           1484
4  200-500  93.367720            601
2026-04-19 23:01:33,164 | INFO | SUCCESS section=weather_analytics module=transformation.main_Weather_analytics duration=3.23s
2026-04-19 23:05:46,739 | INFO | START section=weather_analytics module=transformation.main_Weather_analytics
2026-04-19 23:05:49,413 | INFO | STDOUT
*****************************Pluie***************************
mise a jour de agg_delay_by_prcp 
Nombre de lignes : (6, 4)
mise a jour de agg_prcp_processed_dates avec dates :  [datetime.date(2023, 2, 26)]
Pluie:
  prcp_bin  avg_delay  total_flights
0      0-1  61.314465           2067
1        0  65.917256           5801
2      3-5  68.019048            735
3      1-3  72.781751           1622
4     5-10  75.658080           1708
5      >10  80.744890           3767
*****************************vent***************************
mise a jour de agg_delay_by_wspd 
Nombre de lignes : (4, 4)
mise a jour de agg_wspd_processed_dates avec dates :  [datetime.date(2023, 2, 26)]
Vent:
  wspd_bin   avg_delay  total_flights
0    10-20   69.478289           7646
1    20-30   70.951956           3809
2     0-10   71.240692           3814
3      >30   85.927739            429
4        0  248.500000              2
*****************************Snow***************************
mise a jour de agg_delay_by_snow 
Nombre de lignes : (4, 4)
mise a jour de agg_snow_processed_dates avec dates :  [datetime.date(2023, 2, 26)]
Vent:
  snow_bin  avg_delay  total_flights
0     >500  47.350877             57
1     0-50  59.663786           1273
2        0  70.352025          12269
3   50-200  75.128753           1499
4  200-500  93.257475            602
2026-04-19 23:05:49,413 | INFO | SUCCESS section=weather_analytics module=transformation.main_Weather_analytics duration=2.67s
2026-04-19 23:10:43,214 | INFO | START section=weather_analytics module=transformation.main_Weather_analytics
2026-04-19 23:10:48,038 | INFO | STDOUT
*****************************Pluie***************************
mise a jour de agg_delay_by_prcp 
Nombre de lignes : (6, 4)
mise a jour de agg_prcp_processed_dates avec dates :  [datetime.date(2023, 2, 27)]
Pluie:
  prcp_bin  avg_delay  total_flights
0      0-1  61.626137           2089
1      3-5  66.125480            781
2        0  66.696908           5886
3      1-3  73.436740           1644
4     5-10  75.674419           1806
5      >10  81.861723           3992
*****************************vent***************************
mise a jour de agg_delay_by_wspd 
Nombre de lignes : (4, 4)
mise a jour de agg_wspd_processed_dates avec dates :  [datetime.date(2023, 2, 27)]
Vent:
  wspd_bin   avg_delay  total_flights
0    10-20   70.554561           7936
1     0-10   70.818887           3865
2    20-30   71.839697           3955
3      >30   88.386364            440
4        0  248.500000              2
*****************************Snow***************************
mise a jour de agg_delay_by_snow 
Nombre de lignes : (5, 4)
mise a jour de agg_snow_processed_dates avec dates :  [datetime.date(2023, 2, 27)]
Vent:
  snow_bin  avg_delay  total_flights
0     >500  45.500000             62
1     0-50  64.211656           1304
2        0  70.907895          12692
3   50-200  74.902375           1516
4  200-500  91.475962            624
2026-04-19 23:10:48,039 | INFO | SUCCESS section=weather_analytics module=transformation.main_Weather_analytics duration=4.82s
2026-04-19 23:15:41,174 | INFO | START section=weather_analytics module=transformation.main_Weather_analytics
2026-04-19 23:15:44,066 | INFO | STDOUT
*****************************Pluie***************************
mise a jour de agg_delay_by_prcp 
Nombre de lignes : (6, 4)
mise a jour de agg_prcp_processed_dates avec dates :  [datetime.date(2023, 2, 28)]
Pluie:
  prcp_bin  avg_delay  total_flights
0      0-1  61.362903           2108
1        0  66.462994           5972
2      3-5  68.162025            790
3      1-3  73.750151           1653
4     5-10  74.047520           1915
5      >10  81.574309           4017
*****************************vent***************************
mise a jour de agg_delay_by_wspd 
Nombre de lignes : (3, 4)
mise a jour de agg_wspd_processed_dates avec dates :  [datetime.date(2023, 2, 28)]
Vent:
  wspd_bin   avg_delay  total_flights
0    10-20   70.342238           8123
1     0-10   70.481832           3908
2    20-30   71.645404           3982
3      >30   88.386364            440
4        0  248.500000              2
*****************************Snow***************************
mise a jour de agg_delay_by_snow 
Nombre de lignes : (5, 4)
mise a jour de agg_snow_processed_dates avec dates :  [datetime.date(2023, 2, 28)]
Vent:
  snow_bin  avg_delay  total_flights
0     >500  44.400000             65
1     0-50  63.221168           1370
2        0  70.716389          12838
3   50-200  75.174081           1551
4  200-500  91.221870            631
2026-04-19 23:15:44,067 | INFO | SUCCESS section=weather_analytics module=transformation.main_Weather_analytics duration=2.89s
2026-04-19 23:20:43,310 | INFO | START section=weather_analytics module=transformation.main_Weather_analytics
2026-04-19 23:20:46,626 | INFO | STDOUT
*****************************Pluie***************************
mise a jour de agg_delay_by_prcp 
Nombre de lignes : (6, 4)
mise a jour de agg_prcp_processed_dates avec dates :  [datetime.date(2023, 3, 1)]
Pluie:
  prcp_bin  avg_delay  total_flights
0      0-1  60.708751           2194
1        0  66.478182           6027
2      3-5  67.696517            804
3      1-3  73.458851           1689
4     5-10  73.809402           1957
5      >10  81.536353           4085
*****************************vent***************************
mise a jour de agg_delay_by_wspd 
Nombre de lignes : (4, 4)
mise a jour de agg_wspd_processed_dates avec dates :  [datetime.date(2023, 3, 1)]
Vent:
  wspd_bin   avg_delay  total_flights
0    10-20   70.126145           8300
1     0-10   70.247527           3943
2    20-30   71.510827           4064
3      >30   88.881432            447
4        0  248.500000              2
*****************************Snow***************************
mise a jour de agg_delay_by_snow 
Nombre de lignes : (5, 4)
mise a jour de agg_snow_processed_dates avec dates :  [datetime.date(2023, 3, 1)]
Vent:
  snow_bin  avg_delay  total_flights
0     >500  44.411765             68
1     0-50  63.068364           1375
2        0  70.510037          13101
3   50-200  74.991043           1563
4  200-500  91.183359            649
2026-04-19 23:20:46,627 | INFO | SUCCESS section=weather_analytics module=transformation.main_Weather_analytics duration=3.32s
2026-04-19 23:25:41,145 | INFO | START section=weather_analytics module=transformation.main_Weather_analytics
2026-04-19 23:25:43,907 | INFO | STDOUT
*****************************Pluie***************************
mise a jour de agg_delay_by_prcp 
Nombre de lignes : (6, 4)
mise a jour de agg_prcp_processed_dates avec dates :  [datetime.date(2023, 3, 2)]
Pluie:
  prcp_bin  avg_delay  total_flights
0      0-1  60.616184           2212
1        0  66.227012           6101
2      3-5  67.972019            822
3      1-3  73.549008           1714
4     5-10  73.779817           1962
5      >10  83.153792           4272
*****************************vent***************************
mise a jour de agg_delay_by_wspd 
Nombre de lignes : (4, 4)
mise a jour de agg_wspd_processed_dates avec dates :  [datetime.date(2023, 3, 2)]
Vent:
  wspd_bin   avg_delay  total_flights
0     0-10   70.141457           3980
1    10-20   70.963306           8530
2    20-30   71.528755           4121
3      >30   89.582222            450
4        0  248.500000              2
*****************************Snow***************************
mise a jour de agg_delay_by_snow 
Nombre de lignes : (5, 4)
mise a jour de agg_snow_processed_dates avec dates :  [datetime.date(2023, 3, 2)]
Vent:
  snow_bin  avg_delay  total_flights
0     >500  43.542857             70
1     0-50  63.024709           1376
2        0  71.088402          13416
3   50-200  74.830357           1568
4  200-500  90.709035            653
2026-04-19 23:25:43,907 | INFO | SUCCESS section=weather_analytics module=transformation.main_Weather_analytics duration=2.76s
2026-04-19 23:30:42,513 | INFO | START section=weather_analytics module=transformation.main_Weather_analytics
2026-04-19 23:30:45,418 | INFO | STDOUT
*****************************Pluie***************************
mise a jour de agg_delay_by_prcp 
Nombre de lignes : (6, 4)
mise a jour de agg_prcp_processed_dates avec dates :  [datetime.date(2023, 3, 3)]
Pluie:
  prcp_bin  avg_delay  total_flights
0      0-1  60.926510           2218
1        0  66.666935           6212
2      3-5  68.902238            849
3      1-3  73.254421           1753
4     5-10  73.454983           2077
5      >10  86.604171           4507
*****************************vent***************************
mise a jour de agg_delay_by_wspd 
Nombre de lignes : (4, 4)
mise a jour de agg_wspd_processed_dates avec dates :  [datetime.date(2023, 3, 3)]
Vent:
  wspd_bin   avg_delay  total_flights
0     0-10   70.202292           4014
1    10-20   71.861990           8753
2    20-30   74.407466           4393
3      >30   90.099119            454
4        0  248.500000              2
*****************************Snow***************************
mise a jour de agg_delay_by_snow 
Nombre de lignes : (3, 4)
mise a jour de agg_snow_processed_dates avec dates :  [datetime.date(2023, 3, 3)]
Vent:
  snow_bin  avg_delay  total_flights
0     >500  43.542857             70
1     0-50  64.682081           1384
2        0  72.449666          13937
3   50-200  74.772265           1572
4  200-500  90.709035            653
2026-04-19 23:30:45,418 | INFO | SUCCESS section=weather_analytics module=transformation.main_Weather_analytics duration=2.90s
2026-04-26 13:08:41,914 | INFO | START section=weather_analytics module=transformation.main_Weather_analytics
2026-04-26 13:08:42,250 | INFO | START section=weather_analytics module=transformation.main_Weather_analytics
2026-04-26 13:08:47,810 | INFO | STDOUT
*****************************Pluie***************************
mise a jour de agg_delay_by_prcp 
Nombre de lignes : (6, 4)
mise a jour de agg_prcp_processed_dates avec dates :  [datetime.date(2023, 3, 4)]
Pluie:
  prcp_bin  avg_delay  total_flights
0      0-1  61.432961           2506
1        0  63.896510           7508
2      3-5  64.103704            945
3      1-3  75.351435           2265
4     5-10  81.002887           3117
5      >10  85.503267           5051
*****************************vent***************************
Pas de nouvelle date pour agg_delay_by_wspd 
Vent:
  wspd_bin   avg_delay  total_flights
0    10-20   71.554879           9849
1     0-10   71.923472           4286
2    20-30   73.446425           4657
3      >30   82.592958            710
4        0  248.500000              2
*****************************Snow***************************
mise a jour de agg_delay_by_snow 
Nombre de lignes : (4, 4)
mise a jour de agg_snow_processed_dates avec dates :  [datetime.date(2023, 3, 4)]
Vent:
  snow_bin  avg_delay  total_flights
0     >500  43.542857             70
1     0-50  67.857923           1464
2        0  71.246105          16497
3   50-200  78.399851           2676
4  200-500  90.162044            685
2026-04-26 13:08:47,813 | INFO | SUCCESS section=weather_analytics module=transformation.main_Weather_analytics duration=5.56s
2026-04-26 13:08:47,823 | INFO | STDOUT
*****************************Pluie***************************
mise a jour de agg_delay_by_prcp 
Nombre de lignes : (6, 4)
mise a jour de agg_prcp_processed_dates avec dates :  [datetime.date(2023, 3, 4)]
Pluie:
  prcp_bin  avg_delay  total_flights
0      0-1  61.195174           2362
1        0  65.150875           6860
2      3-5  66.374582            897
3      1-3  74.436536           2009
4     5-10  77.984598           2597
5      >10  86.022390           4779
*****************************vent***************************
mise a jour de agg_delay_by_wspd 
Nombre de lignes : (4, 4)
mise a jour de agg_wspd_processed_dates avec dates :  [datetime.date(2023, 3, 4)]
Vent:
  wspd_bin   avg_delay  total_flights
0    10-20   71.554879           9849
1     0-10   71.923472           4286
2    20-30   73.446425           4657
3      >30   82.592958            710
4        0  248.500000              2
*****************************Snow***************************
mise a jour de agg_delay_by_snow 
Nombre de lignes : (4, 4)
mise a jour de agg_snow_processed_dates avec dates :  [datetime.date(2023, 3, 4)]
Vent:
  snow_bin  avg_delay  total_flights
0     >500  43.542857             70
1     0-50  67.857923           1464
2        0  71.246105          16497
3   50-200  78.399851           2676
4  200-500  90.162044            685
2026-04-26 13:08:47,826 | INFO | SUCCESS section=weather_analytics module=transformation.main_Weather_analytics duration=5.91s
2026-04-26 13:10:44,709 | INFO | START section=weather_analytics module=transformation.main_Weather_analytics
2026-04-26 13:10:47,596 | INFO | STDOUT
*****************************Pluie***************************
mise a jour de agg_delay_by_prcp 
Nombre de lignes : (6, 4)
mise a jour de agg_prcp_processed_dates avec dates :  [datetime.date(2023, 3, 5)]
Pluie:
  prcp_bin  avg_delay  total_flights
0      0-1  60.992514           2538
1        0  65.681765           8500
2      3-5  65.705364           1249
3      1-3  73.214994           2521
4     5-10  84.195779           3933
5      >10  85.347775           5147
*****************************vent***************************
mise a jour de agg_delay_by_wspd 
Nombre de lignes : (3, 4)
mise a jour de agg_wspd_processed_dates avec dates :  [datetime.date(2023, 3, 5)]
Vent:
  wspd_bin   avg_delay  total_flights
0     0-10   71.994964           4766
1    10-20   72.065046          11561
2    20-30   76.524894           4961
3      >30   82.592958            710
4        0  248.500000              2
*****************************Snow***************************
mise a jour de agg_delay_by_snow 
Nombre de lignes : (5, 4)
mise a jour de agg_snow_processed_dates avec dates :  [datetime.date(2023, 3, 5)]
Vent:
  snow_bin  avg_delay  total_flights
0     >500  53.860465             86
1     0-50  69.937220           1784
2        0  70.992770          18257
3   50-200  83.250336           2980
4  200-500  98.029449            781
2026-04-26 13:10:47,596 | INFO | SUCCESS section=weather_analytics module=transformation.main_Weather_analytics duration=2.89s
2026-04-26 13:15:42,560 | INFO | START section=weather_analytics module=transformation.main_Weather_analytics
2026-04-26 13:15:45,250 | INFO | STDOUT
*****************************Pluie***************************
mise a jour de agg_delay_by_prcp 
Nombre de lignes : (6, 4)
mise a jour de agg_prcp_processed_dates avec dates :  [datetime.date(2023, 3, 6)]
Pluie:
  prcp_bin  avg_delay  total_flights
0      0-1  61.096698           2544
1      3-5  64.899921           1269
2        0  65.616912           8562
3      1-3  73.424183           2539
4     5-10  83.483027           3977
5      >10  85.178882           5171
*****************************vent***************************
mise a jour de agg_delay_by_wspd 
Nombre de lignes : (3, 4)
mise a jour de agg_wspd_processed_dates avec dates :  [datetime.date(2023, 3, 6)]
Vent:
  wspd_bin   avg_delay  total_flights
0    10-20   71.798458          11675
1     0-10   71.923911           4797
2    20-30   76.348697           4990
3      >30   82.592958            710
4        0  248.500000              2
*****************************Snow***************************
mise a jour de agg_delay_by_snow 
Nombre de lignes : (5, 4)
mise a jour de agg_snow_processed_dates avec dates :  [datetime.date(2023, 3, 6)]
Vent:
  snow_bin  avg_delay  total_flights
0     >500  53.033708             89
1     0-50  70.109010           1798
2        0  70.720900          18402
3   50-200  83.317253           2985
4  200-500  98.492386            788
2026-04-26 13:15:45,250 | INFO | SUCCESS section=weather_analytics module=transformation.main_Weather_analytics duration=2.69s
2026-04-26 13:20:42,029 | INFO | START section=weather_analytics module=transformation.main_Weather_analytics
2026-04-26 13:20:45,115 | INFO | STDOUT
*****************************Pluie***************************
mise a jour de agg_delay_by_prcp 
Nombre de lignes : (5, 4)
mise a jour de agg_prcp_processed_dates avec dates :  [datetime.date(2023, 3, 7)]
Pluie:
  prcp_bin  avg_delay  total_flights
0      0-1  61.307632           2555
1      3-5  64.618196           1286
2        0  65.553241           8593
3      1-3  72.707507           2571
4     5-10  83.246620           3994
5      >10  85.178882           5171
*****************************vent***************************
mise a jour de agg_delay_by_wspd 
Nombre de lignes : (4, 4)
mise a jour de agg_wspd_processed_dates avec dates :  [datetime.date(2023, 3, 7)]
Vent:
  wspd_bin   avg_delay  total_flights
0    10-20   71.584739          11742
1     0-10   71.840607           4812
2    20-30   76.250050           5015
3      >30   82.516174            711
4        0  248.500000              2
*****************************Snow***************************
mise a jour de agg_delay_by_snow 
Nombre de lignes : (3, 4)
mise a jour de agg_snow_processed_dates avec dates :  [datetime.date(2023, 3, 7)]
Vent:
  snow_bin  avg_delay  total_flights
0     >500  53.033708             89
1     0-50  70.115000           1800
2        0  70.549227          18506
3   50-200  83.292266           2987
4  200-500  98.492386            788
2026-04-26 13:20:45,116 | INFO | SUCCESS section=weather_analytics module=transformation.main_Weather_analytics duration=3.09s
2026-04-26 13:25:42,803 | INFO | START section=weather_analytics module=transformation.main_Weather_analytics
2026-04-26 13:25:45,391 | INFO | STDOUT
*****************************Pluie***************************
mise a jour de agg_delay_by_prcp 
Nombre de lignes : (6, 4)
mise a jour de agg_prcp_processed_dates avec dates :  [datetime.date(2023, 3, 8)]
Pluie:
  prcp_bin  avg_delay  total_flights
0      0-1  60.927632           2584
1      3-5  64.499612           1289
2        0  65.520611           8636
3      1-3  71.506435           2642
4     5-10  82.865456           4021
5      >10  85.013105           5189
*****************************vent***************************
mise a jour de agg_delay_by_wspd 
Nombre de lignes : (4, 4)
mise a jour de agg_wspd_processed_dates avec dates :  [datetime.date(2023, 3, 8)]
Vent:
  wspd_bin   avg_delay  total_flights
0    10-20   71.530255          11783
1     0-10   71.663426           4834
2    20-30   75.365505           5108
3      >30   80.201072            746
4        0  248.500000              2
*****************************Snow***************************
mise a jour de agg_delay_by_snow 
Nombre de lignes : (4, 4)
mise a jour de agg_snow_processed_dates avec dates :  [datetime.date(2023, 3, 8)]
Vent:
  snow_bin  avg_delay  total_flights
0     >500  53.033708             89
1     0-50  70.119933           1801
2        0  70.200942          18692
3   50-200  83.270750           2988
4  200-500  98.170670            791
2026-04-26 13:25:45,392 | INFO | SUCCESS section=weather_analytics module=transformation.main_Weather_analytics duration=2.59s
2026-04-26 13:30:41,426 | INFO | START section=weather_analytics module=transformation.main_Weather_analytics
2026-04-26 13:30:44,634 | INFO | STDOUT
*****************************Pluie***************************
mise a jour de agg_delay_by_prcp 
Nombre de lignes : (6, 4)
mise a jour de agg_prcp_processed_dates avec dates :  [datetime.date(2023, 3, 9)]
Pluie:
  prcp_bin  avg_delay  total_flights
0      0-1  61.105122           2616
1        0  64.340733           8919
2      3-5  65.084592           1324
3      1-3  71.220594           2661
4     5-10  82.470129           4101
5      >10  85.302194           5470
*****************************vent***************************
mise a jour de agg_delay_by_wspd 
Nombre de lignes : (3, 4)
mise a jour de agg_wspd_processed_dates avec dates :  [datetime.date(2023, 3, 9)]
Vent:
  wspd_bin   avg_delay  total_flights
0    10-20   71.057847          12343
1     0-10   71.101850           4919
2    20-30   75.477181           5193
3      >30   80.201072            746
4        0  248.500000              2
*****************************Snow***************************
mise a jour de agg_delay_by_snow 
Nombre de lignes : (4, 4)
mise a jour de agg_snow_processed_dates avec dates :  [datetime.date(2023, 3, 9)]
Vent:
  snow_bin  avg_delay  total_flights
0     >500  53.033708             89
1        0  69.906250          19392
2     0-50  69.974529           1806
3   50-200  82.944223           3012
4  200-500  98.061869            792
2026-04-26 13:30:44,634 | INFO | SUCCESS section=weather_analytics module=transformation.main_Weather_analytics duration=3.21s
2026-04-26 13:35:41,379 | INFO | START section=weather_analytics module=transformation.main_Weather_analytics
2026-04-26 13:35:44,551 | INFO | STDOUT
*****************************Pluie***************************
mise a jour de agg_delay_by_prcp 
Nombre de lignes : (6, 4)
mise a jour de agg_prcp_processed_dates avec dates :  [datetime.date(2023, 3, 10)]
Pluie:
  prcp_bin  avg_delay  total_flights
0      0-1  60.599698           2653
1      3-5  63.152661           1428
2        0  64.339847           9007
3      1-3  70.863213           2683
4     5-10  81.714047           4193
5      >10  84.745268           5547
*****************************vent***************************
mise a jour de agg_delay_by_wspd 
Nombre de lignes : (4, 4)
mise a jour de agg_wspd_processed_dates avec dates :  [datetime.date(2023, 3, 10)]
Vent:
  wspd_bin   avg_delay  total_flights
0    10-20   70.301336          12647
1     0-10   70.918261           4967
2    20-30   75.297694           5247
3      >30   80.590789            760
4        0  248.500000              2
*****************************Snow***************************
mise a jour de agg_delay_by_snow 
Nombre de lignes : (5, 4)
mise a jour de agg_snow_processed_dates avec dates :  [datetime.date(2023, 3, 10)]
Vent:
  snow_bin  avg_delay  total_flights
0     >500  52.021739             92
1     0-50  68.972829           1877
2        0  69.591750          19684
3   50-200  82.360446           3049
4  200-500  96.524104            809
2026-04-26 13:35:44,551 | INFO | SUCCESS section=weather_analytics module=transformation.main_Weather_analytics duration=3.17s
2026-04-26 13:40:42,074 | INFO | START section=weather_analytics module=transformation.main_Weather_analytics
2026-04-26 13:40:45,440 | INFO | STDOUT
*****************************Pluie***************************
mise a jour de agg_delay_by_prcp 
Nombre de lignes : (6, 4)
mise a jour de agg_prcp_processed_dates avec dates :  [datetime.date(2023, 3, 11)]
Pluie:
  prcp_bin  avg_delay  total_flights
0      0-1  60.591370           2665
1      3-5  63.587162           1480
2        0  64.304855           9083
3      1-3  70.755390           2690
4     5-10  81.695962           4210
5      >10  84.598850           5564
*****************************vent***************************
mise a jour de agg_delay_by_wspd 
Nombre de lignes : (4, 4)
mise a jour de agg_wspd_processed_dates avec dates :  [datetime.date(2023, 3, 11)]
Vent:
  wspd_bin   avg_delay  total_flights
0    10-20   70.192733          12743
1     0-10   70.739261           5005
2    20-30   75.454631           5290
3      >30   80.321990            764
4        0  248.500000              2
*****************************Snow***************************
mise a jour de agg_delay_by_snow 
Nombre de lignes : (5, 4)
mise a jour de agg_snow_processed_dates avec dates :  [datetime.date(2023, 3, 11)]
Vent:
  snow_bin  avg_delay  total_flights
0     >500  50.895833             96
1     0-50  68.882447           1880
2        0  69.488780          19831
3   50-200  82.194181           3059
4  200-500  97.817191            826
2026-04-26 13:40:45,441 | INFO | SUCCESS section=weather_analytics module=transformation.main_Weather_analytics duration=3.37s
